// Jest Snapshot v1, https://goo.gl/fbAQLP

exports[`<PrintValues /> should match snapshot 1`] = `
<Fragment>
  <h2>
    Este es el primer valor: undefined
  </h2>
  <h2>
    Este es el segundo valor: undefined
  </h2>
  <h3>
    el country es undefined
  </h3>
  <button
    type="button"
  >
    Mostrar mensaje
  </button>
  <OtroComponentcustom />
</Fragment>
`;
